

====================================================================================
Summary
====================================================================================

Date: 2024-03-14 18:34:07
Target Device: /opt/xilinx/platforms/xilinx_u200_gen3x16_xdma_2_202110_1/xilinx_u200_gen3x16_xdma_2_202110_1.xpfm
Target Frequency: 250MHz
Estimated Frequency: 250MHz
+----------------------------+----------------+----------+-----------+-------+--------+-------+------+
|           Kernel           |     Cycles     |   LUT    |    FF     | BRAM  |  DSP   | URAM  |Detail|
+----------------------------+----------------+----------+-----------+-------+--------+-------+------+
|kernel_syrk (cnn-krnl.cpp:4)|396547 (1.586ms)|12584 (1%)|14327 (~0%)|92 (2%)|19 (~0%)|8 (~0%)|-     |
+----------------------------+----------------+----------+-----------+-------+--------+-------+------+


====================================================================================
Interface
====================================================================================

+----------------------+-----------+-----------+----+------------------+
|      Interface       |SW Bitwidth|HW Bitwidth|Type|      Detail      |
+----------------------+-----------+-----------+----+------------------+
|alpha (cnn-krnl.cpp:4)|         64|         64|   -|scalar            |
|beta (cnn-krnl.cpp:4) |         64|         64|   -|scalar            |
|C (cnn-krnl.cpp:4)    |         64|        512| R/W|cached & coalesced|
|A (cnn-krnl.cpp:4)    |         64|        256|  RO|cached & coalesced|
+----------------------+-----------+-----------+----+------------------+


====================================================================================
Performance Estimate (TC: Trip Count, AC: Accumulated Cycles, CPC: Cycles Per Call)
====================================================================================

+------------------------------------+--+---------------+------+-----------------+
|             Hierarchy              |TC|      AC       | CPC  |     Detail      |
+------------------------------------+--+---------------+------+-----------------+
|kernel_syrk (cnn-krnl.cpp:4)        |  |396547 (100.0%)|396547|-                |
|    auto memory burst for 'A'(read) |  |  1200 (  0.3%)|  1200|cache size=38400B|
|    auto memory burst for 'C'(read) |  |   800 (  0.2%)|   800|cache size=51200B|
|    auto memory burst for 'A'(read) |  |  1200 (  0.3%)|  1200|cache size=38400B|
|    loop i (cnn-krnl.cpp:21)        |80|393120 ( 99.1%)|393120|-                |
|        loop j (cnn-krnl.cpp:24)    |80|  6960 (  1.8%)|    87|pipeline II=1    |
|        loop k (cnn-krnl.cpp:35)    |60|385520 ( 97.2%)|  4819|pipeline II=1    |
|            loop j (cnn-krnl.cpp:38)|80|              -|     -|flattened        |
|    auto memory burst for 'C'(write)|  |   800 (  0.2%)|   800|cache size=51200B|
+------------------------------------+--+---------------+------+-----------------+


====================================================================================
Resource Estimate
====================================================================================

+------------------------------------+----------+-----------+-------+--------+-------+------+
|             Hierarchy              |   LUT    |    FF     | BRAM  |  DSP   | URAM  |Detail|
+------------------------------------+----------+-----------+-------+--------+-------+------+
|kernel_syrk (cnn-krnl.cpp:4)        |12584 (1%)|14327 (~0%)|92 (2%)|19 (~0%)|8 (~0%)|-     |
|    auto memory burst for 'A'(read) |         -|          -|      -|       -|      -|-     |
|    auto memory burst for 'C'(read) |         -|          -|      -|       -|      -|-     |
|    auto memory burst for 'A'(read) |         -|          -|      -|       -|      -|-     |
|    loop i (cnn-krnl.cpp:21)        |         -|          -|      -|       -|      -|-     |
|        loop j (cnn-krnl.cpp:24)    |         -|          -|      -|       -|      -|-     |
|        loop k (cnn-krnl.cpp:35)    |         -|          -|      -|       -|      -|-     |
|            loop j (cnn-krnl.cpp:38)|         -|          -|      -|       -|      -|-     |
|    auto memory burst for 'C'(write)|         -|          -|      -|       -|      -|-     |
+------------------------------------+----------+-----------+-------+--------+-------+------+
