

====================================================================================
Summary
====================================================================================

Date: 2024-03-14 18:44:51
Target Device: /opt/xilinx/platforms/xilinx_u200_gen3x16_xdma_2_202110_1/xilinx_u200_gen3x16_xdma_2_202110_1.xpfm
Target Frequency: 250MHz
Estimated Frequency: 250MHz
+-------------------------------+--------------+----------+----------+--------+--------+-------+------+
|            Kernel             |    Cycles    |   LUT    |    FF    |  BRAM  |  DSP   | URAM  |Detail|
+-------------------------------+--------------+----------+----------+--------+--------+-------+------+
|kernel_doitgen (cnn-krnl.cpp:4)|7722 (0.031ms)|41996 (3%)|48840 (2%)|136 (3%)|327 (4%)|0 (~0%)|-     |
+-------------------------------+--------------+----------+----------+--------+--------+-------+------+


====================================================================================
Interface
====================================================================================

+--------------------+-----------+-----------+----+------------------+
|     Interface      |SW Bitwidth|HW Bitwidth|Type|      Detail      |
+--------------------+-----------+-----------+----+------------------+
|A (cnn-krnl.cpp:4)  |         64|        128|  RO|cached & coalesced|
|C4 (cnn-krnl.cpp:4) |         64|        128|  RO|cached & coalesced|
|sum (cnn-krnl.cpp:4)|         64|        512|  WO|cached & coalesced|
+--------------------+-----------+-----------+----+------------------+


====================================================================================
Performance Estimate (TC: Trip Count, AC: Accumulated Cycles, CPC: Cycles Per Call)
====================================================================================

+----------------------------------------+--+-------------+----+------------------+
|               Hierarchy                |TC|     AC      |CPC |      Detail      |
+----------------------------------------+--+-------------+----+------------------+
|kernel_doitgen (cnn-krnl.cpp:4)         |  |7722 (100.0%)|7722|-                 |
|    auto memory burst for 'C4'(read)    |  | 450 (  5.8%)| 450|cache size=7200B  |
|    auto memory burst for 'A'(read)     |  |7500 ( 97.1%)|7500|cache size=120000B|
|    loop p (cnn-krnl.cpp:14)            |30|  62 (  0.8%)|  62|pipeline II=1     |
|        loop r (cnn-krnl.cpp:19)        |25|            -|   -|-                 |
|            loop q (cnn-krnl.cpp:24)    |20|            -|   -|-                 |
|                loop s (cnn-krnl.cpp:27)|30|            -|   -|-                 |
|    auto memory burst for 'sum'(write)  |  |   3 (  0.0%)|   3|cache size=240B   |
+----------------------------------------+--+-------------+----+------------------+


====================================================================================
Resource Estimate
====================================================================================

+----------------------------------------+----------+----------+--------+--------+-------+------+
|               Hierarchy                |   LUT    |    FF    |  BRAM  |  DSP   | URAM  |Detail|
+----------------------------------------+----------+----------+--------+--------+-------+------+
|kernel_doitgen (cnn-krnl.cpp:4)         |41996 (3%)|48840 (2%)|136 (3%)|327 (4%)|0 (~0%)|-     |
|    auto memory burst for 'C4'(read)    |         -|         -|       -|       -|      -|-     |
|    auto memory burst for 'A'(read)     |         -|         -|       -|       -|      -|-     |
|    loop p (cnn-krnl.cpp:14)            |         -|         -|       -|       -|      -|-     |
|        loop r (cnn-krnl.cpp:19)        |         -|         -|       -|       -|      -|-     |
|            loop q (cnn-krnl.cpp:24)    |         -|         -|       -|       -|      -|-     |
|                loop s (cnn-krnl.cpp:27)|         -|         -|       -|       -|      -|-     |
|    auto memory burst for 'sum'(write)  |         -|         -|       -|       -|      -|-     |
+----------------------------------------+----------+----------+--------+--------+-------+------+
