

====================================================================================
Summary
====================================================================================

Date: 2024-03-14 20:10:55
Target Device: /opt/xilinx/platforms/xilinx_u200_gen3x16_xdma_2_202110_1/xilinx_u200_gen3x16_xdma_2_202110_1.xpfm
Target Frequency: 250MHz
Estimated Frequency: 250MHz
+------------------------+---------------+----------+-----------+--------+-------+-------+------+
|         Kernel         |    Cycles     |   LUT    |    FF     |  BRAM  |  DSP  | URAM  |Detail|
+------------------------+---------------+----------+-----------+--------+-------+-------+------+
|stencil (cnn-krnl.cpp:4)|112397 (0.45ms)|12949 (1%)|12619 (~0%)|110 (2%)|9 (~0%)|0 (~0%)|-     |
+------------------------+---------------+----------+-----------+--------+-------+-------+------+


====================================================================================
Interface
====================================================================================

+-----------------------+-----------+-----------+----+------------------+
|       Interface       |SW Bitwidth|HW Bitwidth|Type|      Detail      |
+-----------------------+-----------+-----------+----+------------------+
|orig (cnn-krnl.cpp:4)  |         32|        512|  RO|cached & coalesced|
|sol (cnn-krnl.cpp:4)   |         32|        512| R/W|cached & coalesced|
|filter (cnn-krnl.cpp:4)|         32|         32|  RO|cached[1]         |
+-----------------------+-----------+-----------+----+------------------+
[1]: Suboptimal memory coalescing: variable 'filter' (cnn-krnl.cpp:4)
  Reason: the lowest dimension size of on-chip buffer is not divisible by 2


====================================================================================
Performance Estimate (TC: Trip Count, AC: Accumulated Cycles, CPC: Cycles Per Call)
====================================================================================

+-----------------------------------------------------+---+---------------+------+------------------+
|                      Hierarchy                      |TC |      AC       | CPC  |      Detail      |
+-----------------------------------------------------+---+---------------+------+------------------+
|stencil (cnn-krnl.cpp:4)                             |   |112397 (100.0%)|112397|-                 |
|    auto memory burst for 'filter'(read)             |   |     9 (  0.0%)|     9|cache size=36B    |
|    auto memory burst for 'orig'(read)               |   |   512 (  0.5%)|   512|cache size=32768B |
|    auto memory burst for 'sol'(read)                |   |   503 (  0.4%)|   503|cache size=32248B |
|    loop stencil_label1 (cnn-krnl.cpp:19)            | 62|111228 ( 99.0%)|111228|-                 |
|        loop stencil_label2 (cnn-krnl.cpp:27)        |126|111104 ( 98.8%)|  1792|pipelined         |
|            loop stencil_label3 (cnn-krnl.cpp:32)    |  3| 46872 ( 41.7%)|     6|pipeline II=1     |
|                loop stencil_label4 (cnn-krnl.cpp:34)|  3|              -|     -|parallel factor=3x|
|    auto memory burst for 'sol'(write)               |   |   503 (  0.4%)|   503|cache size=32248B |
+-----------------------------------------------------+---+---------------+------+------------------+


====================================================================================
Resource Estimate
====================================================================================

+-----------------------------------------------------+----------+-----------+--------+-------+-------+------+
|                      Hierarchy                      |   LUT    |    FF     |  BRAM  |  DSP  | URAM  |Detail|
+-----------------------------------------------------+----------+-----------+--------+-------+-------+------+
|stencil (cnn-krnl.cpp:4)                             |12949 (1%)|12619 (~0%)|110 (2%)|9 (~0%)|0 (~0%)|-     |
|    auto memory burst for 'filter'(read)             |         -|          -|       -|      -|      -|-     |
|    auto memory burst for 'orig'(read)               |         -|          -|       -|      -|      -|-     |
|    auto memory burst for 'sol'(read)                |         -|          -|       -|      -|      -|-     |
|    loop stencil_label1 (cnn-krnl.cpp:19)            |         -|          -|       -|      -|      -|-     |
|        loop stencil_label2 (cnn-krnl.cpp:27)        |         -|          -|       -|      -|      -|-     |
|            loop stencil_label3 (cnn-krnl.cpp:32)    |         -|          -|       -|      -|      -|-     |
|                loop stencil_label4 (cnn-krnl.cpp:34)|         -|          -|       -|      -|      -|-     |
|    auto memory burst for 'sol'(write)               |         -|          -|       -|      -|      -|-     |
+-----------------------------------------------------+----------+-----------+--------+-------+-------+------+
