

====================================================================================
Summary
====================================================================================

Date: 2024-03-15 00:32:57
Target Device: /opt/xilinx/platforms/xilinx_u200_gen3x16_xdma_2_202110_1/xilinx_u200_gen3x16_xdma_2_202110_1.xpfm
Target Frequency: 250MHz
Estimated Frequency: 250MHz
+------------------------------+----------------+----------+----------+--------+--------+-------+------+
|            Kernel            |     Cycles     |   LUT    |    FF    |  BRAM  |  DSP   | URAM  |Detail|
+------------------------------+----------------+----------+----------+--------+--------+-------+------+
|kernel_gemver (cnn-krnl.cpp:5)|107315 (0.429ms)|42900 (3%)|50866 (2%)|270 (6%)|22 (~0%)|8 (~0%)|-     |
+------------------------------+----------------+----------+----------+--------+--------+-------+------+


====================================================================================
Interface
====================================================================================

+----------------------+-----------+-----------+----+------------------+
|      Interface       |SW Bitwidth|HW Bitwidth|Type|      Detail      |
+----------------------+-----------+-----------+----+------------------+
|n (cnn-krnl.cpp:5)    |         32|         32|   -|-                 |
|alpha (cnn-krnl.cpp:5)|         64|         64|   -|scalar            |
|beta (cnn-krnl.cpp:5) |         64|         64|   -|scalar            |
|A (cnn-krnl.cpp:5)    |         64|        512| R/W|cached & coalesced|
|u1 (cnn-krnl.cpp:5)   |         64|        512|  RO|cached & coalesced|
|v1 (cnn-krnl.cpp:5)   |         64|        512|  RO|cached & coalesced|
|u2 (cnn-krnl.cpp:5)   |         64|        512|  RO|cached & coalesced|
|v2 (cnn-krnl.cpp:5)   |         64|        512|  RO|cached & coalesced|
|w (cnn-krnl.cpp:5)    |         64|        512| R/W|cached & coalesced|
|x (cnn-krnl.cpp:5)    |         64|        512| R/W|cached & coalesced|
|y (cnn-krnl.cpp:5)    |         64|        512|  RO|cached & coalesced|
|z (cnn-krnl.cpp:5)    |         64|         64|  RO|streamed          |
+----------------------+-----------+-----------+----+------------------+


====================================================================================
Performance Estimate (TC: Trip Count, AC: Accumulated Cycles, CPC: Cycles Per Call)
====================================================================================

+------------------------------------+---+---------------+------+------------------+
|             Hierarchy              |TC |      AC       | CPC  |      Detail      |
+------------------------------------+---+---------------+------+------------------+
|kernel_gemver (cnn-krnl.cpp:5)      |   |107315 (100.0%)|107315|-                 |
|    auto memory burst for 'v1'(read)|   |    15 (  0.0%)|    15|cache size=960B   |
|    auto memory burst for 'x'(read) |   |    15 (  0.0%)|    15|cache size=960B   |
|    auto memory burst for 'v2'(read)|   |    15 (  0.0%)|    15|cache size=960B   |
|    auto memory burst for 'u2'(read)|   |    15 (  0.0%)|    15|cache size=960B   |
|    auto memory burst for 'A'(read) |   |  1800 (  1.7%)|  1800|cache size=115200B|
|    auto memory burst for 'u1'(read)|   |    15 (  0.0%)|    15|cache size=960B   |
|    loop i (cnn-krnl.cpp:17)        |120| 14417 ( 13.4%)| 14417|pipeline II=1     |
|        loop j (cnn-krnl.cpp:20)    |120|              -|     -|flattened         |
|    auto memory burst for 'y'(read) |   |    15 (  0.0%)|    15|cache size=960B   |
|    loop i (cnn-krnl.cpp:30)        |120| 74520 ( 69.4%)| 74520|-                 |
|        loop j (cnn-krnl.cpp:33)    |120| 73680 ( 68.7%)|   614|pipeline II=5     |
|    loop i (cnn-krnl.cpp:39)        |120|   126 (  0.1%)|   126|pipeline II=1     |
|    auto memory burst for 'w'(read) |   |    15 (  0.0%)|    15|cache size=960B   |
|    loop j (cnn-krnl.cpp:48)        |120| 14418 ( 13.4%)| 14418|pipeline II=1     |
|        loop i (cnn-krnl.cpp:51)    |120|              -|     -|flattened         |
|    auto memory burst for 'A'(write)|   |  1800 (  1.7%)|  1800|cache size=115200B|
|    auto memory burst for 'x'(write)|   |    15 (  0.0%)|    15|cache size=960B   |
|    auto memory burst for 'w'(write)|   |    15 (  0.0%)|    15|cache size=960B   |
+------------------------------------+---+---------------+------+------------------+


====================================================================================
Resource Estimate
====================================================================================

+------------------------------------+----------+----------+--------+--------+-------+------+
|             Hierarchy              |   LUT    |    FF    |  BRAM  |  DSP   | URAM  |Detail|
+------------------------------------+----------+----------+--------+--------+-------+------+
|kernel_gemver (cnn-krnl.cpp:5)      |42900 (3%)|50866 (2%)|270 (6%)|22 (~0%)|8 (~0%)|-     |
|    auto memory burst for 'v1'(read)|         -|         -|       -|       -|      -|-     |
|    auto memory burst for 'x'(read) |         -|         -|       -|       -|      -|-     |
|    auto memory burst for 'v2'(read)|         -|         -|       -|       -|      -|-     |
|    auto memory burst for 'u2'(read)|         -|         -|       -|       -|      -|-     |
|    auto memory burst for 'A'(read) |         -|         -|       -|       -|      -|-     |
|    auto memory burst for 'u1'(read)|         -|         -|       -|       -|      -|-     |
|    loop i (cnn-krnl.cpp:17)        |         -|         -|       -|       -|      -|-     |
|        loop j (cnn-krnl.cpp:20)    |         -|         -|       -|       -|      -|-     |
|    auto memory burst for 'y'(read) |         -|         -|       -|       -|      -|-     |
|    loop i (cnn-krnl.cpp:30)        |         -|         -|       -|       -|      -|-     |
|        loop j (cnn-krnl.cpp:33)    |         -|         -|       -|       -|      -|-     |
|    loop i (cnn-krnl.cpp:39)        |         -|         -|       -|       -|      -|-     |
|    auto memory burst for 'w'(read) |         -|         -|       -|       -|      -|-     |
|    loop j (cnn-krnl.cpp:48)        |         -|         -|       -|       -|      -|-     |
|        loop i (cnn-krnl.cpp:51)    |         -|         -|       -|       -|      -|-     |
|    auto memory burst for 'A'(write)|         -|         -|       -|       -|      -|-     |
|    auto memory burst for 'x'(write)|         -|         -|       -|       -|      -|-     |
|    auto memory burst for 'w'(write)|         -|         -|       -|       -|      -|-     |
+------------------------------------+----------+----------+--------+--------+-------+------+
