

====================================================================================
Summary
====================================================================================

Date: 2024-03-14 18:49:52
Target Device: /opt/xilinx/platforms/xilinx_u200_gen3x16_xdma_2_202110_1/xilinx_u200_gen3x16_xdma_2_202110_1.xpfm
Target Frequency: 250MHz
Estimated Frequency: 234MHz
+--------------------------+---------------+----------+----------+--------+--------+-------+------+
|          Kernel          |    Cycles     |   LUT    |    FF    |  BRAM  |  DSP   | URAM  |Detail|
+--------------------------+---------------+----------+----------+--------+--------+-------+------+
|md_kernel (cnn-krnl.cpp:4)|62545 (0.267ms)|37814 (3%)|47197 (1%)|210 (4%)|30 (~0%)|0 (~0%)|-     |
+--------------------------+---------------+----------+----------+--------+--------+-------+------+


====================================================================================
Interface
====================================================================================

+---------------------------+-----------+-----------+----+---------------------+
|         Interface         |SW Bitwidth|HW Bitwidth|Type|       Detail        |
+---------------------------+-----------+-----------+----+---------------------+
|force_x (cnn-krnl.cpp:4)   |         64|         64|  WO|streamed             |
|force_y (cnn-krnl.cpp:4)   |         64|         64|  WO|streamed             |
|force_z (cnn-krnl.cpp:4)   |         64|         64|  WO|streamed             |
|position_x (cnn-krnl.cpp:4)|         64|        512|  RO|cached & coalesced[1]|
|position_y (cnn-krnl.cpp:4)|         64|        512|  RO|cached & coalesced[2]|
|position_z (cnn-krnl.cpp:4)|         64|        512|  RO|cached & coalesced[3]|
|NL (cnn-krnl.cpp:4)        |         32|         32|  RO|streamed             |
+---------------------------+-----------+-----------+----+---------------------+
[1]: Memory burst NOT inferred: variable 'position_x' (cnn-krnl.cpp:4) in scope (cnn-krnl.cpp:32)
  Reason: the bound of the access range is not determined (jidx..jidx exact)
  Hint: please specify the bounds of the variables using 'assert'
[2]: Memory burst NOT inferred: variable 'position_y' (cnn-krnl.cpp:4) in scope (cnn-krnl.cpp:32)
  Reason: the bound of the access range is not determined (jidx..jidx exact)
  Hint: please specify the bounds of the variables using 'assert'
[3]: Memory burst NOT inferred: variable 'position_z' (cnn-krnl.cpp:4) in scope (cnn-krnl.cpp:32)
  Reason: the bound of the access range is not determined (jidx..jidx exact)
  Hint: please specify the bounds of the variables using 'assert'


====================================================================================
Performance Estimate (TC: Trip Count, AC: Accumulated Cycles, CPC: Cycles Per Call)
====================================================================================

+--------------------------------------------+---+--------------+-----+----------------+
|                 Hierarchy                  |TC |      AC      | CPC |     Detail     |
+--------------------------------------------+---+--------------+-----+----------------+
|md_kernel (cnn-krnl.cpp:4)                  |   |62545 (100.0%)|62545|-               |
|    auto memory burst for 'position_x'(read)|   |   32 (  0.1%)|   32|cache size=2048B|
|    auto memory burst for 'position_y'(read)|   |   32 (  0.1%)|   32|cache size=2048B|
|    auto memory burst for 'position_z'(read)|   |   32 (  0.1%)|   32|cache size=2048B|
|    loop loop_i (cnn-krnl.cpp:32)           |256|62436 ( 99.8%)|62436|pipelined       |
|        loop loop_j (cnn-krnl.cpp:40)       | 16|60160 ( 96.2%)|  235|pipeline II=5   |
+--------------------------------------------+---+--------------+-----+----------------+


====================================================================================
Resource Estimate
====================================================================================

+--------------------------------------------+----------+----------+--------+--------+-------+------+
|                 Hierarchy                  |   LUT    |    FF    |  BRAM  |  DSP   | URAM  |Detail|
+--------------------------------------------+----------+----------+--------+--------+-------+------+
|md_kernel (cnn-krnl.cpp:4)                  |37814 (3%)|47197 (1%)|210 (4%)|30 (~0%)|0 (~0%)|-     |
|    auto memory burst for 'position_x'(read)|         -|         -|       -|       -|      -|-     |
|    auto memory burst for 'position_y'(read)|         -|         -|       -|       -|      -|-     |
|    auto memory burst for 'position_z'(read)|         -|         -|       -|       -|      -|-     |
|    loop loop_i (cnn-krnl.cpp:32)           |         -|         -|       -|       -|      -|-     |
|        loop loop_j (cnn-krnl.cpp:40)       |         -|         -|       -|       -|      -|-     |
+--------------------------------------------+----------+----------+--------+--------+-------+------+
