

====================================================================================
Summary
====================================================================================

Date: 2024-03-14 20:05:56
Target Device: /opt/xilinx/platforms/xilinx_u200_gen3x16_xdma_2_202110_1/xilinx_u200_gen3x16_xdma_2_202110_1.xpfm
Target Frequency: 250MHz
Estimated Frequency: 250MHz
+------------------------+----------------+----------+----------+-------+-------+-------+------+
|         Kernel         |     Cycles     |   LUT    |    FF    | BRAM  |  DSP  | URAM  |Detail|
+------------------------+----------------+----------+----------+-------+-------+-------+------+
|stencil (cnn-krnl.cpp:4)|113737 (0.455ms)|8296 (~0%)|8030 (~0%)|66 (1%)|9 (~0%)|0 (~0%)|-     |
+------------------------+----------------+----------+----------+-------+-------+-------+------+


====================================================================================
Interface
====================================================================================

+-----------------------+-----------+-----------+----+------------------+
|       Interface       |SW Bitwidth|HW Bitwidth|Type|      Detail      |
+-----------------------+-----------+-----------+----+------------------+
|orig (cnn-krnl.cpp:4)  |         32|        512|  RO|cached & coalesced|
|sol (cnn-krnl.cpp:4)   |         32|         32|  WO|streamed          |
|filter (cnn-krnl.cpp:4)|         32|         32|  RO|cached            |
+-----------------------+-----------+-----------+----+------------------+


====================================================================================
Performance Estimate (TC: Trip Count, AC: Accumulated Cycles, CPC: Cycles Per Call)
====================================================================================

+-----------------------------------------------------+---+---------------+------+------------------+
|                      Hierarchy                      |TC |      AC       | CPC  |      Detail      |
+-----------------------------------------------------+---+---------------+------+------------------+
|stencil (cnn-krnl.cpp:4)                             |   |113737 (100.0%)|113737|-                 |
|    auto memory burst for 'orig'(read)               |   |   512 (  0.5%)|   512|cache size=32768B |
|    auto memory burst for 'filter'(read)             |   |     9 (  0.0%)|     9|cache size=36B    |
|    loop stencil_label1 (cnn-krnl.cpp:19)            |126|113148 ( 99.5%)|113148|-                 |
|        loop stencil_label2 (cnn-krnl.cpp:27)        | 62|112896 ( 99.3%)|   896|pipelined         |
|            loop stencil_label3 (cnn-krnl.cpp:32)    |  3| 46872 ( 41.2%)|     6|pipeline II=1     |
|                loop stencil_label4 (cnn-krnl.cpp:34)|  3|              -|     -|parallel factor=3x|
+-----------------------------------------------------+---+---------------+------+------------------+


====================================================================================
Resource Estimate
====================================================================================

+-----------------------------------------------------+----------+----------+-------+-------+-------+------+
|                      Hierarchy                      |   LUT    |    FF    | BRAM  |  DSP  | URAM  |Detail|
+-----------------------------------------------------+----------+----------+-------+-------+-------+------+
|stencil (cnn-krnl.cpp:4)                             |8296 (~0%)|8030 (~0%)|66 (1%)|9 (~0%)|0 (~0%)|-     |
|    auto memory burst for 'orig'(read)               |         -|         -|      -|      -|      -|-     |
|    auto memory burst for 'filter'(read)             |         -|         -|      -|      -|      -|-     |
|    loop stencil_label1 (cnn-krnl.cpp:19)            |         -|         -|      -|      -|      -|-     |
|        loop stencil_label2 (cnn-krnl.cpp:27)        |         -|         -|      -|      -|      -|-     |
|            loop stencil_label3 (cnn-krnl.cpp:32)    |         -|         -|      -|      -|      -|-     |
|                loop stencil_label4 (cnn-krnl.cpp:34)|         -|         -|      -|      -|      -|-     |
+-----------------------------------------------------+----------+----------+-------+-------+-------+------+
