

====================================================================================
Summary
====================================================================================

Date: 2024-03-15 00:20:56
Target Device: /opt/xilinx/platforms/xilinx_u200_gen3x16_xdma_2_202110_1/xilinx_u200_gen3x16_xdma_2_202110_1.xpfm
Target Frequency: 250MHz
Estimated Frequency: 250MHz
+-------------------------------+----------------+----------+-----------+---------+--------+-------+------+
|            Kernel             |     Cycles     |   LUT    |    FF     |  BRAM   |  DSP   | URAM  |Detail|
+-------------------------------+----------------+----------+-----------+---------+--------+-------+------+
|kernel_heat_3d (cnn-krnl.cpp:6)|472868 (1.891ms)|20959 (1%)|21376 (~0%)|444 (10%)|61 (~0%)|0 (~0%)|-     |
+-------------------------------+----------------+----------+-----------+---------+--------+-------+------+


====================================================================================
Interface
====================================================================================

+-----------------------+-----------+-----------+----+---------------------+
|       Interface       |SW Bitwidth|HW Bitwidth|Type|       Detail        |
+-----------------------+-----------+-----------+----+---------------------+
|tsteps (cnn-krnl.cpp:6)|         32|         32|   -|-                    |
|n (cnn-krnl.cpp:6)     |         32|         32|   -|-                    |
|A (cnn-krnl.cpp:6)     |         64|        512| R/W|cached & coalesced[1]|
|B (cnn-krnl.cpp:6)     |         64|        512| R/W|cached & coalesced[2]|
+-----------------------+-----------+-----------+----+---------------------+
[1]: Memory coalescing variable 'A' (cnn-krnl.cpp:6) may cause long compilation time of downstream tool.
  Reason: the access offset is not divisible by 8
[2]: Memory coalescing variable 'B' (cnn-krnl.cpp:6) may cause long compilation time of downstream tool.
  Reason: the access offset is not divisible by 8


====================================================================================
Performance Estimate (TC: Trip Count, AC: Accumulated Cycles, CPC: Cycles Per Call)
====================================================================================

+----------------------------------------+--+---------------+------+-----------------+
|               Hierarchy                |TC|      AC       | CPC  |     Detail      |
+----------------------------------------+--+---------------+------+-----------------+
|kernel_heat_3d (cnn-krnl.cpp:6)         |  |472868 (100.0%)|472868|-                |
|    auto memory burst for 'B'(read)     |  |   994 (  0.2%)|   994|cache size=63664B|
|    auto memory burst for 'A'(read)     |  |   994 (  0.2%)|   994|cache size=63664B|
|    loop t (cnn-krnl.cpp:18)            |40|469760 ( 99.3%)|469760|-                |
|        loop i (cnn-krnl.cpp:23)        |18|234720 ( 49.6%)|  5868|pipeline II=1    |
|            loop j (cnn-krnl.cpp:28)    |18|              -|     -|-                |
|                loop k (cnn-krnl.cpp:32)|18|              -|     -|-                |
|        loop i (cnn-krnl.cpp:41)        |18|234720 ( 49.6%)|  5868|pipeline II=1    |
|            loop j (cnn-krnl.cpp:46)    |18|              -|     -|-                |
|                loop k (cnn-krnl.cpp:50)|18|              -|     -|-                |
|    auto memory burst for 'B'(write)    |  |   894 (  0.2%)|   894|cache size=57264B|
|    auto memory burst for 'A'(write)    |  |   894 (  0.2%)|   894|cache size=57264B|
+----------------------------------------+--+---------------+------+-----------------+


====================================================================================
Resource Estimate
====================================================================================

+----------------------------------------+----------+-----------+---------+--------+-------+------+
|               Hierarchy                |   LUT    |    FF     |  BRAM   |  DSP   | URAM  |Detail|
+----------------------------------------+----------+-----------+---------+--------+-------+------+
|kernel_heat_3d (cnn-krnl.cpp:6)         |20959 (1%)|21376 (~0%)|444 (10%)|61 (~0%)|0 (~0%)|-     |
|    auto memory burst for 'B'(read)     |         -|          -|        -|       -|      -|-     |
|    auto memory burst for 'A'(read)     |         -|          -|        -|       -|      -|-     |
|    loop t (cnn-krnl.cpp:18)            |         -|          -|        -|       -|      -|-     |
|        loop i (cnn-krnl.cpp:23)        |         -|          -|        -|       -|      -|-     |
|            loop j (cnn-krnl.cpp:28)    |         -|          -|        -|       -|      -|-     |
|                loop k (cnn-krnl.cpp:32)|         -|          -|        -|       -|      -|-     |
|        loop i (cnn-krnl.cpp:41)        |         -|          -|        -|       -|      -|-     |
|            loop j (cnn-krnl.cpp:46)    |         -|          -|        -|       -|      -|-     |
|                loop k (cnn-krnl.cpp:50)|         -|          -|        -|       -|      -|-     |
|    auto memory burst for 'B'(write)    |         -|          -|        -|       -|      -|-     |
|    auto memory burst for 'A'(write)    |         -|          -|        -|       -|      -|-     |
+----------------------------------------+----------+-----------+---------+--------+-------+------+
