

====================================================================================
Summary
====================================================================================

Date: 2024-03-15 00:44:02
Target Device: /opt/xilinx/platforms/xilinx_u200_gen3x16_xdma_2_202110_1/xilinx_u200_gen3x16_xdma_2_202110_1.xpfm
Target Frequency: 250MHz
Estimated Frequency: 250MHz
+----------------------------------+------------------+----------+-----------+--------+--------+-------+------+
|              Kernel              |      Cycles      |   LUT    |    FF     |  BRAM  |  DSP   | URAM  |Detail|
+----------------------------------+------------------+----------+-----------+--------+--------+-------+------+
|kernel_covariance (cnn-krnl.cpp:4)|3554314 (14.217ms)|18057 (1%)|18737 (~0%)|154 (3%)|14 (~0%)|0 (~0%)|-     |
+----------------------------------+------------------+----------+-----------+--------+--------+-------+------+


====================================================================================
Interface
====================================================================================

+------------------------+-----------+-----------+----+------------------+
|       Interface        |SW Bitwidth|HW Bitwidth|Type|      Detail      |
+------------------------+-----------+-----------+----+------------------+
|m (cnn-krnl.cpp:4)      |         32|         32|   -|-                 |
|n (cnn-krnl.cpp:4)      |         32|         32|   -|-                 |
|float_n (cnn-krnl.cpp:4)|         64|         64|   -|scalar            |
|data (cnn-krnl.cpp:4)   |         64|        512| R/W|cached & coalesced|
|cov (cnn-krnl.cpp:4)    |         64|        512| R/W|cached & coalesced|
|mean (cnn-krnl.cpp:4)   |         64|        512| R/W|cached & coalesced|
+------------------------+-----------+-----------+----+------------------+


====================================================================================
Performance Estimate (TC: Trip Count, AC: Accumulated Cycles, CPC: Cycles Per Call)
====================================================================================

+---------------------------------------+---+----------------+-------+-----------------+
|               Hierarchy               |TC |       AC       |  CPC  |     Detail      |
+---------------------------------------+---+----------------+-------+-----------------+
|kernel_covariance (cnn-krnl.cpp:4)     |   |3554314 (100.0%)|3554314|-                |
|    auto memory burst for 'mean'(read) |   |     10 (  0.0%)|     10|cache size=640B  |
|    auto memory burst for 'data'(read) |   |   1000 (  0.0%)|   1000|cache size=64000B|
|    loop j (cnn-krnl.cpp:16)           | 80|  43120 (  1.2%)|  43120|-                |
|        loop i (cnn-krnl.cpp:20)       |100|  40160 (  1.1%)|    502|pipeline II=5    |
|    loop i (cnn-krnl.cpp:31)           |100|   8007 (  0.2%)|   8007|pipeline II=1    |
|        loop j (cnn-krnl.cpp:34)       | 80|               -|      -|flattened        |
|    auto memory burst for 'cov'(read)  |   |    800 (  0.0%)|    800|cache size=51200B|
|    loop i (cnn-krnl.cpp:44)           | 80|3500960 ( 98.5%)|3500960|-                |
|        loop j (cnn-krnl.cpp:47)       | 80|3500800 ( 98.5%)|  43760|-                |
|            loop k (cnn-krnl.cpp:51)   |100|3251200 ( 91.5%)|    508|pipeline II=5    |
|    auto memory burst for 'cov'(write) |   |    800 (  0.0%)|    800|cache size=51200B|
|    auto memory burst for 'data'(write)|   |   1000 (  0.0%)|   1000|cache size=64000B|
|    auto memory burst for 'mean'(write)|   |     10 (  0.0%)|     10|cache size=640B  |
+---------------------------------------+---+----------------+-------+-----------------+


====================================================================================
Resource Estimate
====================================================================================

+---------------------------------------+----------+-----------+--------+--------+-------+------+
|               Hierarchy               |   LUT    |    FF     |  BRAM  |  DSP   | URAM  |Detail|
+---------------------------------------+----------+-----------+--------+--------+-------+------+
|kernel_covariance (cnn-krnl.cpp:4)     |18057 (1%)|18737 (~0%)|154 (3%)|14 (~0%)|0 (~0%)|-     |
|    auto memory burst for 'mean'(read) |         -|          -|       -|       -|      -|-     |
|    auto memory burst for 'data'(read) |         -|          -|       -|       -|      -|-     |
|    loop j (cnn-krnl.cpp:16)           |         -|          -|       -|       -|      -|-     |
|        loop i (cnn-krnl.cpp:20)       |         -|          -|       -|       -|      -|-     |
|    loop i (cnn-krnl.cpp:31)           |         -|          -|       -|       -|      -|-     |
|        loop j (cnn-krnl.cpp:34)       |         -|          -|       -|       -|      -|-     |
|    auto memory burst for 'cov'(read)  |         -|          -|       -|       -|      -|-     |
|    loop i (cnn-krnl.cpp:44)           |         -|          -|       -|       -|      -|-     |
|        loop j (cnn-krnl.cpp:47)       |         -|          -|       -|       -|      -|-     |
|            loop k (cnn-krnl.cpp:51)   |         -|          -|       -|       -|      -|-     |
|    auto memory burst for 'cov'(write) |         -|          -|       -|       -|      -|-     |
|    auto memory burst for 'data'(write)|         -|          -|       -|       -|      -|-     |
|    auto memory burst for 'mean'(write)|         -|          -|       -|       -|      -|-     |
+---------------------------------------+----------+-----------+--------+--------+-------+------+
