

====================================================================================
Summary
====================================================================================

Date: 2024-03-15 00:50:31
Target Device: /opt/xilinx/platforms/xilinx_u200_gen3x16_xdma_2_202110_1/xilinx_u200_gen3x16_xdma_2_202110_1.xpfm
Target Frequency: 250MHz
Estimated Frequency: 250MHz
+----------------------------+---------------+----------+----------+--------+--------+-------+------+
|           Kernel           |    Cycles     |   LUT    |    FF    |  BRAM  |  DSP   | URAM  |Detail|
+----------------------------+---------------+----------+----------+--------+--------+-------+------+
|kernel_atax (cnn-krnl.cpp:5)|82180 (0.329ms)|23101 (1%)|26035 (1%)|120 (2%)|22 (~0%)|8 (~0%)|-     |
+----------------------------+---------------+----------+----------+--------+--------+-------+------+


====================================================================================
Interface
====================================================================================

+--------------------+-----------+-----------+----+------------------+
|     Interface      |SW Bitwidth|HW Bitwidth|Type|      Detail      |
+--------------------+-----------+-----------+----+------------------+
|m (cnn-krnl.cpp:5)  |         32|         32|   -|-                 |
|n (cnn-krnl.cpp:5)  |         32|         32|   -|-                 |
|A (cnn-krnl.cpp:5)  |         64|        256|  RO|cached & coalesced|
|x (cnn-krnl.cpp:5)  |         64|        512|  RO|cached & coalesced|
|y (cnn-krnl.cpp:5)  |         64|        512| R/W|cached & coalesced|
|tmp (cnn-krnl.cpp:5)|         64|        512| R/W|cached & coalesced|
+--------------------+-----------+-----------+----+------------------+


====================================================================================
Performance Estimate (TC: Trip Count, AC: Accumulated Cycles, CPC: Cycles Per Call)
====================================================================================

+--------------------------------------+---+--------------+-----+------------------+
|              Hierarchy               |TC |      AC      | CPC |      Detail      |
+--------------------------------------+---+--------------+-----+------------------+
|kernel_atax (cnn-krnl.cpp:5)          |   |82180 (100.0%)|82180|-                 |
|    auto memory burst for 'y'(read)   |   |   15 (  0.0%)|   15|cache size=992B   |
|    loop i (cnn-krnl.cpp:10)          |124|  124 (  0.2%)|  124|pipeline II=1     |
|    auto memory burst for 'A'(read)   |   | 3596 (  4.4%)| 3596|cache size=115072B|
|    auto memory burst for 'tmp'(read) |   |   14 (  0.0%)|   14|cache size=928B   |
|    auto memory burst for 'A'(read)   |   | 3596 (  4.4%)| 3596|cache size=115072B|
|    auto memory burst for 'x'(read)   |   |   15 (  0.0%)|   15|cache size=992B   |
|    loop j (cnn-krnl.cpp:18)          |124|74626 ( 90.8%)|74626|pipelined         |
|        loop i (cnn-krnl.cpp:21)      |116|15872 ( 19.3%)|  128|pipeline II=1     |
|        loop i (cnn-krnl.cpp:26)      |116|72912 ( 88.7%)|  588|pipeline II=5     |
|    auto memory burst for 'y'(write)  |   |   15 (  0.0%)|   15|cache size=992B   |
|    auto memory burst for 'tmp'(write)|   |   14 (  0.0%)|   14|cache size=928B   |
+--------------------------------------+---+--------------+-----+------------------+


====================================================================================
Resource Estimate
====================================================================================

+--------------------------------------+----------+----------+--------+--------+-------+------+
|              Hierarchy               |   LUT    |    FF    |  BRAM  |  DSP   | URAM  |Detail|
+--------------------------------------+----------+----------+--------+--------+-------+------+
|kernel_atax (cnn-krnl.cpp:5)          |23101 (1%)|26035 (1%)|120 (2%)|22 (~0%)|8 (~0%)|-     |
|    auto memory burst for 'y'(read)   |         -|         -|       -|       -|      -|-     |
|    loop i (cnn-krnl.cpp:10)          |         -|         -|       -|       -|      -|-     |
|    auto memory burst for 'A'(read)   |         -|         -|       -|       -|      -|-     |
|    auto memory burst for 'tmp'(read) |         -|         -|       -|       -|      -|-     |
|    auto memory burst for 'A'(read)   |         -|         -|       -|       -|      -|-     |
|    auto memory burst for 'x'(read)   |         -|         -|       -|       -|      -|-     |
|    loop j (cnn-krnl.cpp:18)          |         -|         -|       -|       -|      -|-     |
|        loop i (cnn-krnl.cpp:21)      |         -|         -|       -|       -|      -|-     |
|        loop i (cnn-krnl.cpp:26)      |         -|         -|       -|       -|      -|-     |
|    auto memory burst for 'y'(write)  |         -|         -|       -|       -|      -|-     |
|    auto memory burst for 'tmp'(write)|         -|         -|       -|       -|      -|-     |
+--------------------------------------+----------+----------+--------+--------+-------+------+
