

====================================================================================
Summary
====================================================================================

Date: 2024-03-14 17:11:28
Target Device: /opt/xilinx/platforms/xilinx_u200_gen3x16_xdma_2_202110_1/xilinx_u200_gen3x16_xdma_2_202110_1.xpfm
Target Frequency: 250MHz
Estimated Frequency: 250MHz
+----------------------------+---------------+----------+----------+--------+--------+-------+------+
|           Kernel           |    Cycles     |   LUT    |    FF    |  BRAM  |  DSP   | URAM  |Detail|
+----------------------------+---------------+----------+----------+--------+--------+-------+------+
|kernel_bicg (cnn-krnl.cpp:4)|81467 (0.326ms)|23521 (1%)|28853 (1%)|150 (3%)|13 (~0%)|8 (~0%)|-     |
+----------------------------+---------------+----------+----------+--------+--------+-------+------+


====================================================================================
Interface
====================================================================================

+------------------+-----------+-----------+----+------------------+
|    Interface     |SW Bitwidth|HW Bitwidth|Type|      Detail      |
+------------------+-----------+-----------+----+------------------+
|m (cnn-krnl.cpp:4)|         32|         32|   -|-                 |
|n (cnn-krnl.cpp:4)|         32|         32|   -|-                 |
|A (cnn-krnl.cpp:4)|         64|        256|  RO|cached & coalesced|
|s (cnn-krnl.cpp:4)|         64|        512| R/W|cached & coalesced|
|q (cnn-krnl.cpp:4)|         64|        512| R/W|cached & coalesced|
|p (cnn-krnl.cpp:4)|         64|        512|  RO|cached & coalesced|
|r (cnn-krnl.cpp:4)|         64|        512|  RO|cached & coalesced|
+------------------+-----------+-----------+----+------------------+


====================================================================================
Performance Estimate (TC: Trip Count, AC: Accumulated Cycles, CPC: Cycles Per Call)
====================================================================================

+------------------------------------+---+--------------+-----+------------------+
|             Hierarchy              |TC |      AC      | CPC |      Detail      |
+------------------------------------+---+--------------+-----+------------------+
|kernel_bicg (cnn-krnl.cpp:4)        |   |81467 (100.0%)|81467|-                 |
|    auto memory burst for 's'(read) |   |   14 (  0.0%)|   14|cache size=928B   |
|    loop i (cnn-krnl.cpp:11)        |116|  116 (  0.1%)|  116|pipeline II=1     |
|    auto memory burst for 'q'(read) |   |   15 (  0.0%)|   15|cache size=992B   |
|    auto memory burst for 'p'(read) |   |   14 (  0.0%)|   14|cache size=928B   |
|    auto memory burst for 'A'(read) |   | 3596 (  4.4%)| 3596|cache size=115072B|
|    auto memory burst for 'A'(read) |   | 3596 (  4.4%)| 3596|cache size=115072B|
|    auto memory burst for 'r'(read) |   |   15 (  0.0%)|   15|cache size=992B   |
|    loop i (cnn-krnl.cpp:20)        |124|74028 ( 90.9%)|74028|-                 |
|        loop j (cnn-krnl.cpp:24)    |116|73036 ( 89.7%)|  589|pipeline II=5     |
|    auto memory burst for 'q'(write)|   |   15 (  0.0%)|   15|cache size=992B   |
|    auto memory burst for 's'(write)|   |   14 (  0.0%)|   14|cache size=928B   |
+------------------------------------+---+--------------+-----+------------------+


====================================================================================
Resource Estimate
====================================================================================

+------------------------------------+----------+----------+--------+--------+-------+------+
|             Hierarchy              |   LUT    |    FF    |  BRAM  |  DSP   | URAM  |Detail|
+------------------------------------+----------+----------+--------+--------+-------+------+
|kernel_bicg (cnn-krnl.cpp:4)        |23521 (1%)|28853 (1%)|150 (3%)|13 (~0%)|8 (~0%)|-     |
|    auto memory burst for 's'(read) |         -|         -|       -|       -|      -|-     |
|    loop i (cnn-krnl.cpp:11)        |         -|         -|       -|       -|      -|-     |
|    auto memory burst for 'q'(read) |         -|         -|       -|       -|      -|-     |
|    auto memory burst for 'p'(read) |         -|         -|       -|       -|      -|-     |
|    auto memory burst for 'A'(read) |         -|         -|       -|       -|      -|-     |
|    auto memory burst for 'A'(read) |         -|         -|       -|       -|      -|-     |
|    auto memory burst for 'r'(read) |         -|         -|       -|       -|      -|-     |
|    loop i (cnn-krnl.cpp:20)        |         -|         -|       -|       -|      -|-     |
|        loop j (cnn-krnl.cpp:24)    |         -|         -|       -|       -|      -|-     |
|    auto memory burst for 'q'(write)|         -|         -|       -|       -|      -|-     |
|    auto memory burst for 's'(write)|         -|         -|       -|       -|      -|-     |
+------------------------------------+----------+----------+--------+--------+-------+------+
