

====================================================================================
Summary
====================================================================================

Date: 2024-03-16 16:26:51
Target Device: /opt/xilinx/platforms/xilinx_u200_gen3x16_xdma_2_202110_1/xilinx_u200_gen3x16_xdma_2_202110_1.xpfm
Target Frequency: 250MHz
Estimated Frequency: 250MHz
+---------------------------------+--------------------+----------+----------+--------+-------+-------+------+
|             Kernel              |       Cycles       |   LUT    |    FF    |  BRAM  |  DSP  | URAM  |Detail|
+---------------------------------+--------------------+----------+----------+--------+-------+-------+------+
|kernel_seidel_2d (cnn-krnl.cpp:5)|30079636 (120.319ms)|7905 (~0%)|7488 (~0%)|30 (~0%)|3 (~0%)|8 (~0%)|-     |
+---------------------------------+--------------------+----------+----------+--------+-------+-------+------+


====================================================================================
Interface
====================================================================================

+-----------------------+-----------+-----------+----+---------------------+
|       Interface       |SW Bitwidth|HW Bitwidth|Type|       Detail        |
+-----------------------+-----------+-----------+----+---------------------+
|tsteps (cnn-krnl.cpp:5)|         32|         32|   -|-                    |
|n (cnn-krnl.cpp:5)     |         32|         32|   -|-                    |
|A (cnn-krnl.cpp:5)     |         64|        512| R/W|cached & coalesced[1]|
+-----------------------+-----------+-----------+----+---------------------+
[1]: Memory coalescing variable 'A' (cnn-krnl.cpp:5) may cause long compilation time of downstream tool.
  Reason: the access offset is not divisible by 8


====================================================================================
Performance Estimate (TC: Trip Count, AC: Accumulated Cycles, CPC: Cycles Per Call)
====================================================================================

+------------------------------------+---+-----------------+--------+------------------+
|             Hierarchy              |TC |       AC        |  CPC   |      Detail      |
+------------------------------------+---+-----------------+--------+------------------+
|kernel_seidel_2d (cnn-krnl.cpp:5)   |   |30079636 (100.0%)|30079636|-                 |
|    auto memory burst for 'A'(read) |   |    1800 (  0.0%)|    1800|cache size=115200B|
|    loop t (cnn-krnl.cpp:17)        | 40|30075841 (100.0%)|30075841|pipeline II=54[2] |
|        loop i (cnn-krnl.cpp:24)    |118|                -|       -|-                 |
|            loop j (cnn-krnl.cpp:27)|118|                -|       -|-                 |
|    auto memory burst for 'A'(write)|   |    1769 (  0.0%)|    1769|cache size=113264B|
+------------------------------------+---+-----------------+--------+------------------+
[2]: Unable to enforce a carried dependence constraint because of the access on variable 'A_buf'


====================================================================================
Resource Estimate
====================================================================================

+------------------------------------+----------+----------+--------+-------+-------+------+
|             Hierarchy              |   LUT    |    FF    |  BRAM  |  DSP  | URAM  |Detail|
+------------------------------------+----------+----------+--------+-------+-------+------+
|kernel_seidel_2d (cnn-krnl.cpp:5)   |7905 (~0%)|7488 (~0%)|30 (~0%)|3 (~0%)|8 (~0%)|-     |
|    auto memory burst for 'A'(read) |         -|         -|       -|      -|      -|-     |
|    loop t (cnn-krnl.cpp:17)        |         -|         -|       -|      -|      -|-     |
|        loop i (cnn-krnl.cpp:24)    |         -|         -|       -|      -|      -|-     |
|            loop j (cnn-krnl.cpp:27)|         -|         -|       -|      -|      -|-     |
|    auto memory burst for 'A'(write)|         -|         -|       -|      -|      -|-     |
+------------------------------------+----------+----------+--------+-------+-------+------+
