

====================================================================================
Summary
====================================================================================

Date: 2024-03-14 18:39:42
Target Device: /opt/xilinx/platforms/xilinx_u200_gen3x16_xdma_2_202110_1/xilinx_u200_gen3x16_xdma_2_202110_1.xpfm
Target Frequency: 250MHz
Estimated Frequency: 234MHz
+-------------------------------+----------------+----------+----------+--------+--------+-------+------+
|            Kernel             |     Cycles     |   LUT    |    FF    |  BRAM  |  DSP   | URAM  |Detail|
+-------------------------------+----------------+----------+----------+--------+--------+-------+------+
|kernel_doitgen (cnn-krnl.cpp:4)|525156 (2.244ms)|34985 (2%)|44065 (1%)|136 (3%)|266 (3%)|0 (~0%)|-     |
+-------------------------------+----------------+----------+----------+--------+--------+-------+------+


====================================================================================
Interface
====================================================================================

+--------------------+-----------+-----------+----+------------------+
|     Interface      |SW Bitwidth|HW Bitwidth|Type|      Detail      |
+--------------------+-----------+-----------+----+------------------+
|A (cnn-krnl.cpp:4)  |         64|        128| R/W|cached & coalesced|
|C4 (cnn-krnl.cpp:4) |         64|        128|  RO|cached & coalesced|
|sum (cnn-krnl.cpp:4)|         64|        512| R/W|cached & coalesced|
+--------------------+-----------+-----------+----+------------------+


====================================================================================
Performance Estimate (TC: Trip Count, AC: Accumulated Cycles, CPC: Cycles Per Call)
====================================================================================

+----------------------------------------+--+---------------+------+-------------------+
|               Hierarchy                |TC|      AC       | CPC  |      Detail       |
+----------------------------------------+--+---------------+------+-------------------+
|kernel_doitgen (cnn-krnl.cpp:4)         |  |525156 (100.0%)|525156|-                  |
|    auto memory burst for 'sum'(read)   |  |     3 (  0.0%)|     3|cache size=240B    |
|    auto memory burst for 'A'(read)     |  |  7500 (  1.4%)|  7500|cache size=120000B |
|    auto memory burst for 'C4'(read)    |  |   450 (  0.1%)|   450|cache size=7200B   |
|    loop r (cnn-krnl.cpp:15)            |25|510001 ( 97.1%)|510001|pipeline II=34[1]  |
|        loop q (cnn-krnl.cpp:20)        |20|              -|     -|-                  |
|            loop p (cnn-krnl.cpp:25)    |30|              -|     -|-                  |
|                loop s (cnn-krnl.cpp:28)|30|              -|     -|-                  |
|            loop p (cnn-krnl.cpp:33)    |30|              -|     -|parallel factor=30x|
|    auto memory burst for 'A'(write)    |  |  7500 (  1.4%)|  7500|cache size=120000B |
|    auto memory burst for 'sum'(write)  |  |     3 (  0.0%)|     3|cache size=240B    |
+----------------------------------------+--+---------------+------+-------------------+
[1]: Unable to enforce a carried dependence constraint because of the access on variable 'A_buf'


====================================================================================
Resource Estimate
====================================================================================

+----------------------------------------+----------+----------+--------+--------+-------+------+
|               Hierarchy                |   LUT    |    FF    |  BRAM  |  DSP   | URAM  |Detail|
+----------------------------------------+----------+----------+--------+--------+-------+------+
|kernel_doitgen (cnn-krnl.cpp:4)         |34985 (2%)|44065 (1%)|136 (3%)|266 (3%)|0 (~0%)|-     |
|    auto memory burst for 'sum'(read)   |         -|         -|       -|       -|      -|-     |
|    auto memory burst for 'A'(read)     |         -|         -|       -|       -|      -|-     |
|    auto memory burst for 'C4'(read)    |         -|         -|       -|       -|      -|-     |
|    loop r (cnn-krnl.cpp:15)            |         -|         -|       -|       -|      -|-     |
|        loop q (cnn-krnl.cpp:20)        |         -|         -|       -|       -|      -|-     |
|            loop p (cnn-krnl.cpp:25)    |         -|         -|       -|       -|      -|-     |
|                loop s (cnn-krnl.cpp:28)|         -|         -|       -|       -|      -|-     |
|            loop p (cnn-krnl.cpp:33)    |         -|         -|       -|       -|      -|-     |
|    auto memory burst for 'A'(write)    |         -|         -|       -|       -|      -|-     |
|    auto memory burst for 'sum'(write)  |         -|         -|       -|       -|      -|-     |
+----------------------------------------+----------+----------+--------+--------+-------+------+
