

====================================================================================
Summary
====================================================================================

Date: 2024-03-14 20:20:45
Target Device: /opt/xilinx/platforms/xilinx_u200_gen3x16_xdma_2_202110_1/xilinx_u200_gen3x16_xdma_2_202110_1.xpfm
Target Frequency: 250MHz
Estimated Frequency: 218MHz
+---------------------------+-------------------+----------+----------+-------+--------+-------+------+
|          Kernel           |      Cycles       |   LUT    |    FF    | BRAM  |  DSP   | URAM  |Detail|
+---------------------------+-------------------+----------+----------+-------+--------+-------+------+
|kernel_adi (cnn-krnl.cpp:5)|14600697 (66.976ms)|97782 (8%)|78378 (3%)|78 (1%)|17 (~0%)|0 (~0%)|-     |
+---------------------------+-------------------+----------+----------+-------+--------+-------+------+


====================================================================================
Interface
====================================================================================

+-----------------------+-----------+-----------+----+------------------+
|       Interface       |SW Bitwidth|HW Bitwidth|Type|      Detail      |
+-----------------------+-----------+-----------+----+------------------+
|tsteps (cnn-krnl.cpp:5)|         32|         32|   -|-                 |
|n (cnn-krnl.cpp:5)     |         32|         32|   -|-                 |
|u (cnn-krnl.cpp:5)     |         64|        256| R/W|cached & coalesced|
|v (cnn-krnl.cpp:5)     |         64|        256| R/W|cached & coalesced|
|p (cnn-krnl.cpp:5)     |         64|        256| R/W|cached & coalesced|
|q (cnn-krnl.cpp:5)     |         64|        256| R/W|cached & coalesced|
+-----------------------+-----------+-----------+----+------------------+


====================================================================================
Performance Estimate (TC: Trip Count, AC: Accumulated Cycles, CPC: Cycles Per Call)
====================================================================================

+------------------------------------+--+-----------------+--------+-------------------+
|             Hierarchy              |TC|       AC        |  CPC   |      Detail       |
+------------------------------------+--+-----------------+--------+-------------------+
|kernel_adi (cnn-krnl.cpp:5)         |  |14600697 (100.0%)|14600697|-                  |
|    auto memory burst for 'q'(read) |  |     869 (  0.0%)|     869|cache size=27832B  |
|    auto memory burst for 'p'(read) |  |     869 (  0.0%)|     869|cache size=27832B  |
|    auto memory burst for 'v'(read) |  |     899 (  0.0%)|     899|cache size=28784B  |
|    auto memory burst for 'u'(read) |  |     870 (  0.0%)|     870|cache size=27840B  |
|    loop t (cnn-krnl.cpp:43)        |40|14597560 (100.0%)|14597560|-                  |
|        loop i (cnn-krnl.cpp:51)    |58| 7298720 ( 50.0%)|  182468|-                  |
|            loop j (cnn-krnl.cpp:57)|58| 5813920 ( 39.8%)|    2506|pipeline II=43[1]  |
|            loop j (cnn-krnl.cpp:65)|58|                -|       -|parallel factor=58x|
|        loop i (cnn-krnl.cpp:78)    |58| 7298720 ( 50.0%)|  182468|-                  |
|            loop j (cnn-krnl.cpp:84)|58| 5813920 ( 39.8%)|    2506|pipeline II=43[2]  |
|            loop j (cnn-krnl.cpp:92)|58|                -|       -|parallel factor=58x|
|    auto memory burst for 'p'(write)|  |     869 (  0.0%)|     869|cache size=27832B  |
|    auto memory burst for 'u'(write)|  |     870 (  0.0%)|     870|cache size=27840B  |
|    auto memory burst for 'v'(write)|  |     899 (  0.0%)|     899|cache size=28784B  |
|    auto memory burst for 'q'(write)|  |     869 (  0.0%)|     869|cache size=27832B  |
+------------------------------------+--+-----------------+--------+-------------------+
[1]: Unable to enforce a carried dependence constraint because of the access on variable 'p' (cnn-krnl.cpp:5)
[2]: Unable to enforce a carried dependence constraint because of the access on variable 'p' (cnn-krnl.cpp:5)


====================================================================================
Resource Estimate
====================================================================================

+------------------------------------+----------+----------+-------+--------+-------+------+
|             Hierarchy              |   LUT    |    FF    | BRAM  |  DSP   | URAM  |Detail|
+------------------------------------+----------+----------+-------+--------+-------+------+
|kernel_adi (cnn-krnl.cpp:5)         |97782 (8%)|78378 (3%)|78 (1%)|17 (~0%)|0 (~0%)|-     |
|    auto memory burst for 'q'(read) |         -|         -|      -|       -|      -|-     |
|    auto memory burst for 'p'(read) |         -|         -|      -|       -|      -|-     |
|    auto memory burst for 'v'(read) |         -|         -|      -|       -|      -|-     |
|    auto memory burst for 'u'(read) |         -|         -|      -|       -|      -|-     |
|    loop t (cnn-krnl.cpp:43)        |         -|         -|      -|       -|      -|-     |
|        loop i (cnn-krnl.cpp:51)    |         -|         -|      -|       -|      -|-     |
|            loop j (cnn-krnl.cpp:57)|         -|         -|      -|       -|      -|-     |
|            loop j (cnn-krnl.cpp:65)|         -|         -|      -|       -|      -|-     |
|        loop i (cnn-krnl.cpp:78)    |         -|         -|      -|       -|      -|-     |
|            loop j (cnn-krnl.cpp:84)|         -|         -|      -|       -|      -|-     |
|            loop j (cnn-krnl.cpp:92)|         -|         -|      -|       -|      -|-     |
|    auto memory burst for 'p'(write)|         -|         -|      -|       -|      -|-     |
|    auto memory burst for 'u'(write)|         -|         -|      -|       -|      -|-     |
|    auto memory burst for 'v'(write)|         -|         -|      -|       -|      -|-     |
|    auto memory burst for 'q'(write)|         -|         -|      -|       -|      -|-     |
+------------------------------------+----------+----------+-------+--------+-------+------+
